// Jest Snapshot v1, https://goo.gl/fbAQLP

exports[`HomeView @render renders without crashing 1`] = `
<div
  class="h-screen flex items-center justify-center"
  data-qa="home-view"
>
  <div
    class="max-w-md border border-solid rounded-md border-sky-600 shadow-md shadow-sky-600"
    data-qa="guess-number-card"
  >
    <div
      class="px-6 py-4 text-center"
    >
      <div
        class="mb-5"
      >
        <h2
          class="mb-3 text-xl font-semibold tracking-tight text-sky-600"
        >
          Guess My Number!
        </h2>
        <h4
          class="mb-2 text-sky-900"
        >
          Think of a number between 1 and 10000.
        </h4>
        <p>
          Click the button below to get the computer to start guessing what it is.
        </p>
      </div>
      <button
        class="px-4 py-2 text-sm shadow bg-sky-100 shadow-sky-600 text-sky-700 hover:bg-sky-600 hover:text-sky-100 rounded-md"
        data-qa="primary-button"
      >
        Start guessing
      </button>
    </div>
  </div>
</div>
`;
